[2025-04-24 08:37:24,034] WARNING - [ALERT] Stream stream2 - Blurry frame detected
[2025-04-24 08:37:24,038] INFO - Saved fault image for stream stream2: image_logs/stream2_Blurry_20250424_083724_10f97e.jpg
[2025-04-24 08:37:24,601] WARNING - [ALERT] Stream stream2 - Blurry frame detected
[2025-04-24 08:37:24,609] INFO - Saved fault image for stream stream2: image_logs/stream2_Blurry_20250424_083724_e13878.jpg
[2025-04-24 08:37:25,206] WARNING - [ALERT] Stream stream2 - Blurry frame detected
[2025-04-24 08:37:25,206] INFO - Saved fault image for stream stream2: image_logs/stream2_Blurry_20250424_083725_475b24.jpg
[2025-04-24 08:37:25,788] WARNING - [ALERT] Stream stream2 - Blurry frame detected
[2025-04-24 08:37:25,794] INFO - Saved fault image for stream stream2: image_logs/stream2_Blurry_20250424_083725_d2c42b.jpg
[2025-04-24 08:37:53,883] WARNING - [ALERT] Stream stream2 - Blurry frame detected
[2025-04-24 08:37:53,887] INFO - Saved fault image for stream stream2: image_logs/stream2_Blurry_20250424_083753_2f3ea2.jpg
[2025-04-24 08:37:54,457] WARNING - [ALERT] Stream stream2 - Blurry frame detected
[2025-04-24 08:37:54,462] INFO - Saved fault image for stream stream2: image_logs/stream2_Blurry_20250424_083754_80ae14.jpg
[2025-04-24 08:37:55,036] WARNING - [ALERT] Stream stream2 - Blurry frame detected
[2025-04-24 08:37:55,041] INFO - Saved fault image for stream stream2: image_logs/stream2_Blurry_20250424_083755_c61ec4.jpg
[2025-04-24 08:37:55,611] WARNING - [ALERT] Stream stream2 - Blurry frame detected
[2025-04-24 08:37:55,615] INFO - Saved fault image for stream stream2: image_logs/stream2_Blurry_20250424_083755_16523e.jpg
[2025-04-24 08:37:55,743] WARNING - [ALERT] Stream stream1 - Blurry frame detected
[2025-04-24 08:37:55,747] INFO - Saved fault image for stream stream1: image_logs/stream1_Blurry_20250424_083755_95cfff.jpg
[2025-04-24 08:37:56,189] WARNING - [ALERT] Stream stream2 - Blurry frame detected
[2025-04-24 08:37:56,189] INFO - Saved fault image for stream stream2: image_logs/stream2_Blurry_20250424_083756_3d1021.jpg
[2025-04-24 08:37:56,760] WARNING - [ALERT] Stream stream2 - Blurry frame detected
[2025-04-24 08:37:56,764] INFO - Saved fault image for stream stream2: image_logs/stream2_Blurry_20250424_083756_3b45b5.jpg
[2025-04-24 08:37:56,826] WARNING - [ALERT] Stream stream1 - Blurry frame detected
[2025-04-24 08:37:56,829] INFO - Saved fault image for stream stream1: image_logs/stream1_Blurry_20250424_083756_517f01.jpg
[2025-04-24 08:37:57,902] WARNING - [ALERT] Stream stream1 - Blurry frame detected
[2025-04-24 08:37:57,908] INFO - Saved fault image for stream stream1: image_logs/stream1_Blurry_20250424_083757_352e96.jpg
[2025-04-24 08:37:59,020] WARNING - [ALERT] Stream stream1 - Blurry frame detected
[2025-04-24 08:37:59,024] INFO - Saved fault image for stream stream1: image_logs/stream1_Blurry_20250424_083759_93e5b0.jpg
[2025-04-24 08:38:22,305] WARNING - [ALERT] Stream stream2 - Frozen frame detected
[2025-04-24 08:38:22,317] INFO - Saved fault image for stream stream2: image_logs/stream2_Frozen_20250424_083822_55e78a.jpg
[2025-04-24 08:38:22,932] WARNING - [ALERT] Stream stream2 - Frozen frame detected
[2025-04-24 08:38:22,940] INFO - Saved fault image for stream stream2: image_logs/stream2_Frozen_20250424_083822_1c6517.jpg
[2025-04-24 08:38:23,567] WARNING - [ALERT] Stream stream2 - Frozen frame detected
[2025-04-24 08:38:23,575] INFO - Saved fault image for stream stream2: image_logs/stream2_Frozen_20250424_083823_2d5804.jpg
[2025-04-24 08:38:24,216] WARNING - [ALERT] Stream stream2 - Frozen frame detected
[2025-04-24 08:38:24,224] INFO - Saved fault image for stream stream2: image_logs/stream2_Frozen_20250424_083824_07cb39.jpg
[2025-04-24 08:38:24,847] WARNING - [ALERT] Stream stream2 - Frozen frame detected
[2025-04-24 08:38:24,852] INFO - Saved fault image for stream stream2: image_logs/stream2_Frozen_20250424_083824_985a92.jpg
[2025-04-24 08:38:25,503] WARNING - [ALERT] Stream stream2 - Frozen frame detected
[2025-04-24 08:38:25,512] INFO - Saved fault image for stream stream2: image_logs/stream2_Frozen_20250424_083825_7058d8.jpg
[2025-04-24 08:38:30,641] WARNING - [ALERT] Stream stream2 - Frozen frame detected
[2025-04-24 08:38:30,657] INFO - Saved fault image for stream stream2: image_logs/stream2_Frozen_20250424_083830_156e2d.jpg
[2025-04-24 08:38:31,307] WARNING - [ALERT] Stream stream2 - Frozen frame detected
[2025-04-24 08:38:31,313] INFO - Saved fault image for stream stream2: image_logs/stream2_Frozen_20250424_083831_e9289e.jpg
[2025-04-24 08:38:31,977] WARNING - [ALERT] Stream stream2 - Frozen frame detected
[2025-04-24 08:38:31,986] INFO - Saved fault image for stream stream2: image_logs/stream2_Frozen_20250424_083831_0b4940.jpg
[2025-04-24 08:38:33,729] WARNING - [ALERT] Stream stream2 - Blurry frame detected
[2025-04-24 08:38:33,737] INFO - Saved fault image for stream stream2: image_logs/stream2_Blurry_20250424_083833_21f939.jpg
[2025-04-24 08:38:52,351] WARNING - [ALERT] Stream stream1 - Blurry frame detected
[2025-04-24 08:38:52,351] INFO - Saved fault image for stream stream1: image_logs/stream1_Blurry_20250424_083852_b51783.jpg
[2025-04-24 08:38:53,436] WARNING - [ALERT] Stream stream1 - Blurry frame detected
[2025-04-24 08:38:53,443] INFO - Saved fault image for stream stream1: image_logs/stream1_Blurry_20250424_083853_8a87a2.jpg
[2025-04-24 08:38:54,543] WARNING - [ALERT] Stream stream1 - Blurry frame detected
[2025-04-24 08:38:54,548] INFO - Saved fault image for stream stream1: image_logs/stream1_Blurry_20250424_083854_ac3e9f.jpg
[2025-04-24 08:38:55,656] WARNING - [ALERT] Stream stream1 - Blurry frame detected
[2025-04-24 08:38:55,665] INFO - Saved fault image for stream stream1: image_logs/stream1_Blurry_20250424_083855_cc5421.jpg
[2025-04-24 08:38:56,778] WARNING - [ALERT] Stream stream1 - Blurry frame detected
[2025-04-24 08:38:56,784] INFO - Saved fault image for stream stream1: image_logs/stream1_Blurry_20250424_083856_805e3a.jpg
[2025-04-24 08:38:57,893] WARNING - [ALERT] Stream stream1 - Blurry frame detected
[2025-04-24 08:38:57,904] INFO - Saved fault image for stream stream1: image_logs/stream1_Blurry_20250424_083857_5321e2.jpg
[2025-04-24 08:39:37,080] WARNING - [ALERT] Stream stream2 - Frozen frame detected
[2025-04-24 08:39:37,091] INFO - Saved fault image for stream stream2: image_logs/stream2_Frozen_20250424_083937_f87265.jpg
[2025-04-24 08:39:37,717] WARNING - [ALERT] Stream stream2 - Frozen frame detected
[2025-04-24 08:39:37,727] INFO - Saved fault image for stream stream2: image_logs/stream2_Frozen_20250424_083937_c42f47.jpg
[2025-04-24 08:39:46,204] WARNING - [ALERT] Stream stream1 - Frozen frame detected
[2025-04-24 08:39:46,218] INFO - Saved fault image for stream stream1: image_logs/stream1_Frozen_20250424_083946_d0a5cb.jpg
[2025-04-24 08:39:47,324] WARNING - [ALERT] Stream stream1 - Frozen frame detected
[2025-04-24 08:39:47,333] INFO - Saved fault image for stream stream1: image_logs/stream1_Frozen_20250424_083947_f8d6d3.jpg
[2025-04-24 08:39:48,461] WARNING - [ALERT] Stream stream1 - Frozen frame detected
[2025-04-24 08:39:48,471] INFO - Saved fault image for stream stream1: image_logs/stream1_Frozen_20250424_083948_7c0003.jpg
[2025-04-24 08:39:49,625] WARNING - [ALERT] Stream stream1 - Frozen frame detected
[2025-04-24 08:39:49,637] INFO - Saved fault image for stream stream1: image_logs/stream1_Frozen_20250424_083949_e924be.jpg
[2025-04-24 08:39:50,814] WARNING - [ALERT] Stream stream1 - Frozen frame detected
[2025-04-24 08:39:50,823] INFO - Saved fault image for stream stream1: image_logs/stream1_Frozen_20250424_083950_a1044f.jpg
[2025-04-24 08:39:51,917] WARNING - [ALERT] Stream stream1 - Frozen frame detected
[2025-04-24 08:39:51,927] INFO - Saved fault image for stream stream1: image_logs/stream1_Frozen_20250424_083951_323023.jpg
[2025-04-24 08:40:00,927] WARNING - [ALERT] Stream stream1 - Frozen frame detected
[2025-04-24 08:40:00,936] INFO - Saved fault image for stream stream1: image_logs/stream1_Frozen_20250424_084000_f68bfd.jpg
[2025-04-24 08:40:02,066] WARNING - [ALERT] Stream stream1 - Frozen frame detected
[2025-04-24 08:40:02,072] INFO - Saved fault image for stream stream1: image_logs/stream1_Frozen_20250424_084002_ddb097.jpg
[2025-04-24 08:40:03,236] WARNING - [ALERT] Stream stream1 - Frozen frame detected
[2025-04-24 08:40:03,250] INFO - Saved fault image for stream stream1: image_logs/stream1_Frozen_20250424_084003_695012.jpg
[2025-04-24 08:40:06,535] WARNING - [ALERT] Stream stream1 - Blurry frame detected
[2025-04-24 08:40:06,540] INFO - Saved fault image for stream stream1: image_logs/stream1_Blurry_20250424_084006_1ec41e.jpg
[2025-04-24 08:40:31,108] WARNING - [ALERT] Stream stream2 - Frozen frame detected
[2025-04-24 08:40:31,116] INFO - Saved fault image for stream stream2: image_logs/stream2_Frozen_20250424_084031_4341ee.jpg
[2025-04-24 08:40:31,721] WARNING - [ALERT] Stream stream2 - Frozen frame detected
[2025-04-24 08:40:31,731] INFO - Saved fault image for stream stream2: image_logs/stream2_Frozen_20250424_084031_8112ff.jpg
[2025-04-24 08:40:32,352] WARNING - [ALERT] Stream stream2 - Frozen frame detected
[2025-04-24 08:40:32,363] INFO - Saved fault image for stream stream2: image_logs/stream2_Frozen_20250424_084032_793952.jpg
[2025-04-24 08:41:18,769] WARNING - [ALERT] Stream stream2 - Frozen frame detected
[2025-04-24 08:41:18,775] INFO - Saved fault image for stream stream2: image_logs/stream2_Frozen_20250424_084118_84ebdf.jpg
[2025-04-24 08:41:19,374] WARNING - [ALERT] Stream stream2 - Frozen frame detected
[2025-04-24 08:41:19,380] INFO - Saved fault image for stream stream2: image_logs/stream2_Frozen_20250424_084119_aefdac.jpg
[2025-04-24 08:41:20,006] WARNING - [ALERT] Stream stream2 - Frozen frame detected
[2025-04-24 08:41:20,014] INFO - Saved fault image for stream stream2: image_logs/stream2_Frozen_20250424_084120_355fd0.jpg
[2025-04-24 08:41:20,623] WARNING - [ALERT] Stream stream2 - Frozen frame detected
[2025-04-24 08:41:20,629] INFO - Saved fault image for stream stream2: image_logs/stream2_Frozen_20250424_084120_13baff.jpg
[2025-04-24 08:41:21,264] WARNING - [ALERT] Stream stream2 - Frozen frame detected
[2025-04-24 08:41:21,277] INFO - Saved fault image for stream stream2: image_logs/stream2_Frozen_20250424_084121_bc7a79.jpg
[2025-04-24 08:41:21,905] WARNING - [ALERT] Stream stream2 - Frozen frame detected
[2025-04-24 08:41:21,908] INFO - Saved fault image for stream stream2: image_logs/stream2_Frozen_20250424_084121_639666.jpg
[2025-04-24 08:41:22,514] WARNING - [ALERT] Stream stream2 - Frozen frame detected
[2025-04-24 08:41:22,522] INFO - Saved fault image for stream stream2: image_logs/stream2_Frozen_20250424_084122_e6aebe.jpg
[2025-04-24 08:41:23,152] WARNING - [ALERT] Stream stream2 - Frozen frame detected
[2025-04-24 08:41:23,161] INFO - Saved fault image for stream stream2: image_logs/stream2_Frozen_20250424_084123_11a7ad.jpg
[2025-04-24 08:41:23,751] WARNING - [ALERT] Stream stream2 - Frozen frame detected
[2025-04-24 08:41:23,755] INFO - Saved fault image for stream stream2: image_logs/stream2_Frozen_20250424_084123_c5a703.jpg
[2025-04-24 08:41:24,380] WARNING - [ALERT] Stream stream2 - Frozen frame detected
[2025-04-24 08:41:24,389] INFO - Saved fault image for stream stream2: image_logs/stream2_Frozen_20250424_084124_4c9e40.jpg
[2025-04-24 08:41:25,012] WARNING - [ALERT] Stream stream2 - Frozen frame detected
[2025-04-24 08:41:25,019] INFO - Saved fault image for stream stream2: image_logs/stream2_Frozen_20250424_084125_81099b.jpg
[2025-04-24 08:41:25,653] WARNING - [ALERT] Stream stream2 - Frozen frame detected
[2025-04-24 08:41:25,662] INFO - Saved fault image for stream stream2: image_logs/stream2_Frozen_20250424_084125_ba3cba.jpg
[2025-04-24 08:41:26,277] WARNING - [ALERT] Stream stream2 - Frozen frame detected
[2025-04-24 08:41:26,289] INFO - Saved fault image for stream stream2: image_logs/stream2_Frozen_20250424_084126_506ddf.jpg
[2025-04-24 08:41:26,873] WARNING - [ALERT] Stream stream2 - Frozen frame detected
[2025-04-24 08:41:26,873] INFO - Saved fault image for stream stream2: image_logs/stream2_Frozen_20250424_084126_f80bae.jpg
[2025-04-24 08:41:27,463] WARNING - [ALERT] Stream stream2 - Frozen frame detected
[2025-04-24 08:41:27,470] INFO - Saved fault image for stream stream2: image_logs/stream2_Frozen_20250424_084127_04afb3.jpg
[2025-04-24 08:41:28,080] WARNING - [ALERT] Stream stream2 - Frozen frame detected
[2025-04-24 08:41:28,086] INFO - Saved fault image for stream stream2: image_logs/stream2_Frozen_20250424_084128_fac414.jpg
[2025-04-24 08:41:28,709] WARNING - [ALERT] Stream stream2 - Frozen frame detected
[2025-04-24 08:41:28,717] INFO - Saved fault image for stream stream2: image_logs/stream2_Frozen_20250424_084128_457b8d.jpg
[2025-04-24 08:41:29,339] WARNING - [ALERT] Stream stream2 - Frozen frame detected
[2025-04-24 08:41:29,350] INFO - Saved fault image for stream stream2: image_logs/stream2_Frozen_20250424_084129_f0c86f.jpg
[2025-04-24 08:41:29,975] WARNING - [ALERT] Stream stream2 - Frozen frame detected
[2025-04-24 08:41:29,985] INFO - Saved fault image for stream stream2: image_logs/stream2_Frozen_20250424_084129_c2eebd.jpg
[2025-04-24 08:41:30,584] WARNING - [ALERT] Stream stream2 - Frozen frame detected
[2025-04-24 08:41:30,593] INFO - Saved fault image for stream stream2: image_logs/stream2_Frozen_20250424_084130_3635f8.jpg
[2025-04-24 08:41:31,202] WARNING - [ALERT] Stream stream2 - Frozen frame detected
[2025-04-24 08:41:31,213] INFO - Saved fault image for stream stream2: image_logs/stream2_Frozen_20250424_084131_5f18d9.jpg
[2025-04-24 08:41:31,816] WARNING - [ALERT] Stream stream2 - Frozen frame detected
[2025-04-24 08:41:31,825] INFO - Saved fault image for stream stream2: image_logs/stream2_Frozen_20250424_084131_4d4ebd.jpg
[2025-04-24 08:41:32,430] WARNING - [ALERT] Stream stream2 - Frozen frame detected
[2025-04-24 08:41:32,437] INFO - Saved fault image for stream stream2: image_logs/stream2_Frozen_20250424_084132_3cfe0a.jpg
[2025-04-24 08:41:33,061] WARNING - [ALERT] Stream stream2 - Frozen frame detected
[2025-04-24 08:41:33,071] INFO - Saved fault image for stream stream2: image_logs/stream2_Frozen_20250424_084133_9f0595.jpg
[2025-04-24 08:41:33,694] WARNING - [ALERT] Stream stream2 - Frozen frame detected
[2025-04-24 08:41:33,704] INFO - Saved fault image for stream stream2: image_logs/stream2_Frozen_20250424_084133_530e39.jpg
[2025-04-24 08:41:34,329] WARNING - [ALERT] Stream stream2 - Frozen frame detected
[2025-04-24 08:41:34,342] INFO - Saved fault image for stream stream2: image_logs/stream2_Frozen_20250424_084134_41c466.jpg
[2025-04-24 08:41:39,685] WARNING - [ALERT] Stream stream2 - Blurry frame detected
[2025-04-24 08:41:39,693] INFO - Saved fault image for stream stream2: image_logs/stream2_Blurry_20250424_084139_a0cb55.jpg
[2025-04-24 08:41:40,277] WARNING - [ALERT] Stream stream2 - Blurry frame detected
[2025-04-24 08:41:40,284] INFO - Saved fault image for stream stream2: image_logs/stream2_Blurry_20250424_084140_841e84.jpg
[2025-04-24 08:42:01,483] WARNING - [ALERT] Stream stream1 - Frozen frame detected
[2025-04-24 08:42:01,494] INFO - Saved fault image for stream stream1: image_logs/stream1_Frozen_20250424_084201_57443f.jpg
[2025-04-24 08:42:02,591] WARNING - [ALERT] Stream stream1 - Frozen frame detected
[2025-04-24 08:42:02,601] INFO - Saved fault image for stream stream1: image_logs/stream1_Frozen_20250424_084202_5b5875.jpg
[2025-04-24 08:42:07,759] WARNING - [ALERT] Stream stream2 - Blurry frame detected
[2025-04-24 08:42:07,770] INFO - Saved fault image for stream stream2: image_logs/stream2_Blurry_20250424_084207_503817.jpg
[2025-04-24 08:42:08,389] WARNING - [ALERT] Stream stream2 - Blurry frame detected
[2025-04-24 08:42:08,396] INFO - Saved fault image for stream stream2: image_logs/stream2_Blurry_20250424_084208_e9aeec.jpg
[2025-04-24 08:42:09,014] WARNING - [ALERT] Stream stream2 - Blurry frame detected
[2025-04-24 08:42:09,026] INFO - Saved fault image for stream stream2: image_logs/stream2_Blurry_20250424_084209_4e8ce5.jpg
[2025-04-24 08:42:09,645] WARNING - [ALERT] Stream stream2 - Blurry frame detected
[2025-04-24 08:42:09,654] INFO - Saved fault image for stream stream2: image_logs/stream2_Blurry_20250424_084209_8a8500.jpg
[2025-04-24 08:42:10,295] WARNING - [ALERT] Stream stream2 - Blurry frame detected
[2025-04-24 08:42:10,305] INFO - Saved fault image for stream stream2: image_logs/stream2_Blurry_20250424_084210_ca9716.jpg
[2025-04-24 08:42:10,911] WARNING - [ALERT] Stream stream2 - Blurry frame detected
[2025-04-24 08:42:10,919] INFO - Saved fault image for stream stream2: image_logs/stream2_Blurry_20250424_084210_30230d.jpg
[2025-04-24 08:42:11,537] WARNING - [ALERT] Stream stream2 - Blurry frame detected
[2025-04-24 08:42:11,544] INFO - Saved fault image for stream stream2: image_logs/stream2_Blurry_20250424_084211_8d67e2.jpg
[2025-04-24 08:42:12,175] WARNING - [ALERT] Stream stream2 - Blurry frame detected
[2025-04-24 08:42:12,187] INFO - Saved fault image for stream stream2: image_logs/stream2_Blurry_20250424_084212_78a865.jpg
[2025-04-24 08:42:12,811] WARNING - [ALERT] Stream stream2 - Blurry frame detected
[2025-04-24 08:42:12,826] INFO - Saved fault image for stream stream2: image_logs/stream2_Blurry_20250424_084212_505216.jpg
[2025-04-24 08:42:13,477] WARNING - [ALERT] Stream stream2 - Blurry frame detected
[2025-04-24 08:42:13,491] INFO - Saved fault image for stream stream2: image_logs/stream2_Blurry_20250424_084213_cdec9f.jpg
[2025-04-24 08:42:14,118] WARNING - [ALERT] Stream stream2 - Blurry frame detected
[2025-04-24 08:42:14,133] INFO - Saved fault image for stream stream2: image_logs/stream2_Blurry_20250424_084214_4db3bb.jpg
[2025-04-24 08:42:14,752] WARNING - [ALERT] Stream stream2 - Blurry frame detected
[2025-04-24 08:42:14,758] INFO - Saved fault image for stream stream2: image_logs/stream2_Blurry_20250424_084214_63d3cb.jpg
[2025-04-24 08:42:15,388] WARNING - [ALERT] Stream stream2 - Blurry frame detected
[2025-04-24 08:42:15,399] INFO - Saved fault image for stream stream2: image_logs/stream2_Blurry_20250424_084215_4071c2.jpg
[2025-04-24 08:42:16,025] WARNING - [ALERT] Stream stream2 - Blurry frame detected
[2025-04-24 08:42:16,035] INFO - Saved fault image for stream stream2: image_logs/stream2_Blurry_20250424_084216_831eca.jpg
[2025-04-24 08:42:16,660] WARNING - [ALERT] Stream stream2 - Blurry frame detected
[2025-04-24 08:42:16,670] INFO - Saved fault image for stream stream2: image_logs/stream2_Blurry_20250424_084216_c57681.jpg
[2025-04-24 08:42:17,288] WARNING - [ALERT] Stream stream2 - Blurry frame detected
[2025-04-24 08:42:17,296] INFO - Saved fault image for stream stream2: image_logs/stream2_Blurry_20250424_084217_d3e4a4.jpg
[2025-04-24 08:42:17,922] WARNING - [ALERT] Stream stream2 - Blurry frame detected
[2025-04-24 08:42:17,929] INFO - Saved fault image for stream stream2: image_logs/stream2_Blurry_20250424_084217_78d756.jpg
[2025-04-24 08:42:18,544] WARNING - [ALERT] Stream stream2 - Blurry frame detected
[2025-04-24 08:42:18,552] INFO - Saved fault image for stream stream2: image_logs/stream2_Blurry_20250424_084218_cc6d20.jpg
[2025-04-24 08:42:34,203] WARNING - [ALERT] Stream stream2 - Blurry frame detected
[2025-04-24 08:42:34,207] INFO - Saved fault image for stream stream2: image_logs/stream2_Blurry_20250424_084234_2039c2.jpg
[2025-04-24 08:42:34,777] WARNING - [ALERT] Stream stream2 - Blurry frame detected
[2025-04-24 08:42:34,782] INFO - Saved fault image for stream stream2: image_logs/stream2_Blurry_20250424_084234_e56a41.jpg
[2025-04-24 08:42:35,350] WARNING - [ALERT] Stream stream2 - Blurry frame detected
[2025-04-24 08:42:35,356] INFO - Saved fault image for stream stream2: image_logs/stream2_Blurry_20250424_084235_384285.jpg
[2025-04-24 08:42:35,931] WARNING - [ALERT] Stream stream2 - Blurry frame detected
[2025-04-24 08:42:35,936] INFO - Saved fault image for stream stream2: image_logs/stream2_Blurry_20250424_084235_961f87.jpg
[2025-04-24 08:42:36,513] WARNING - [ALERT] Stream stream2 - Blurry frame detected
[2025-04-24 08:42:36,520] INFO - Saved fault image for stream stream2: image_logs/stream2_Blurry_20250424_084236_125937.jpg
[2025-04-24 08:42:37,091] WARNING - [ALERT] Stream stream2 - Blurry frame detected
[2025-04-24 08:42:37,096] INFO - Saved fault image for stream stream2: image_logs/stream2_Blurry_20250424_084237_c969bc.jpg
[2025-04-24 08:42:49,071] WARNING - [ALERT] Stream stream2 - Blurry frame detected
[2025-04-24 08:42:49,077] INFO - Saved fault image for stream stream2: image_logs/stream2_Blurry_20250424_084249_d53130.jpg
[2025-04-24 08:42:49,644] WARNING - [ALERT] Stream stream2 - Blurry frame detected
[2025-04-24 08:42:49,650] INFO - Saved fault image for stream stream2: image_logs/stream2_Blurry_20250424_084249_26efd1.jpg
[2025-04-24 08:42:50,229] WARNING - [ALERT] Stream stream2 - Blurry frame detected
[2025-04-24 08:42:50,233] INFO - Saved fault image for stream stream2: image_logs/stream2_Blurry_20250424_084250_664070.jpg
[2025-04-24 08:42:50,812] WARNING - [ALERT] Stream stream2 - Blurry frame detected
[2025-04-24 08:42:50,816] INFO - Saved fault image for stream stream2: image_logs/stream2_Blurry_20250424_084250_2a0e3d.jpg
[2025-04-24 08:42:51,393] WARNING - [ALERT] Stream stream2 - Blurry frame detected
[2025-04-24 08:42:51,399] INFO - Saved fault image for stream stream2: image_logs/stream2_Blurry_20250424_084251_06b5a0.jpg
[2025-04-24 08:42:51,973] WARNING - [ALERT] Stream stream2 - Blurry frame detected
[2025-04-24 08:42:51,978] INFO - Saved fault image for stream stream2: image_logs/stream2_Blurry_20250424_084251_b97a6e.jpg
[2025-04-24 08:42:52,561] WARNING - [ALERT] Stream stream2 - Blurry frame detected
[2025-04-24 08:42:52,566] INFO - Saved fault image for stream stream2: image_logs/stream2_Blurry_20250424_084252_cf0e71.jpg
[2025-04-24 08:42:55,952] WARNING - [ALERT] Stream stream2 - Blurry frame detected
[2025-04-24 08:42:55,955] INFO - Saved fault image for stream stream2: image_logs/stream2_Blurry_20250424_084255_920b9b.jpg
[2025-04-24 08:42:56,509] WARNING - [ALERT] Stream stream2 - Blurry frame detected
[2025-04-24 08:42:56,514] INFO - Saved fault image for stream stream2: image_logs/stream2_Blurry_20250424_084256_774307.jpg
[2025-04-24 08:42:57,078] WARNING - [ALERT] Stream stream2 - Blurry frame detected
[2025-04-24 08:42:57,084] INFO - Saved fault image for stream stream2: image_logs/stream2_Blurry_20250424_084257_33b0b4.jpg
